
> relisted@0.1.0 build
> next build

node.exe : [baseline-browser-mapping] The data in this module is over two 
months old.  To ensure accurate Baseline data, please update: `npm i 
baseline-browser-mapping@latest -D`
At line:1 char:1
+ & "C:\Program Files\nodejs/node.exe" "C:\Program Files\nodejs/node_mo ...
+ ~~~~~~~~~~~~~~~~~~~~~~~~~~~~~~~~~~~~~~~~~~~~~~~~~~~~~~~~~~~~~~~~~~~~~
    + CategoryInfo          : NotSpecified: ([baseline-brows...ping@latest -D` 
   :String) [], RemoteException
    + FullyQualifiedErrorId : NativeCommandError
 
   Γû▓ Next.js 16.0.7 (Turbopack)
   - Environments: .env
   - Experiments (use with caution):
     ┬╖ serverActions

   Creating an optimized production build ...
[baseline-browser-mapping] The data in this module is over two months old.  To 
ensure accurate Baseline data, please update: `npm i 
baseline-browser-mapping@latest -D`
 Γ£ô Compiled successfully in 2.2min
   Running TypeScript ...
Failed to compile.

./src/app/home/sections/PopularCategorySection.tsx:122:16
Type error: Type '{ id: string; name: string; userId?: string | undefined; 
createdAt?: string | undefined; key: string; }' is missing the following 
properties from type 'CategoryBoxProps': description, image

[0m [90m 120 |[39m           [33m>[39m
 [90m 121 |[39m             {col[33m.[39mmap((box) [33m=>[39m (
[31m[1m>[22m[39m[90m 122 |[39m               
[33m<[39m[33mCategoryBox[39m key[33m=[39m{box[33m.[39mid} 
{[33m...[39mbox} [33m/[39m[33m>[39m
 [90m     |[39m                [31m[1m^[22m[39m
 [90m 123 |[39m             ))}
 [90m 124 |[39m           [33m<[39m[33m/[39m[33mdiv[39m[33m>[39m
 [90m 125 |[39m         ))}[0m
Next.js build worker exited with code: 1 and signal: null
